// Jest Snapshot v1, https://goo.gl/fbAQLP

exports[`Skills component matches snapshot 1`] = `
<Fragment>
  <section
    className="Skills"
  >
    <p>
      Technologies I currently use:
    </p>
    <div
      className="Icons"
    >
      <p>
        <img
          alt="javascript icon"
          src="/public/assets/js.png"
        />
        <br />
        Javascript
      </p>
      <p>
        <img
          alt="html icon"
          src="/public/assets/html.png"
        />
        <br />
        HTML
      </p>
      <p>
        <img
          alt="css icon"
          src="/public/assets/css.png"
        />
        <br />
        CSS
      </p>
      <p>
        <img
          alt="node icon"
          src="/public/assets/node.png"
        />
        <br />
        Node.js
      </p>
      <p>
        <img
          alt="react icon"
          src="/public/assets/react.png"
        />
        <br />
        React
      </p>
      <p>
        <img
          alt="redux icon"
          src="/public/assets/redux.png"
        />
        <br />
        Redux
      </p>
      <p>
        <img
          alt="mongodb icon"
          src="/public/assets/mongodb.png"
        />
        <br />
        MongoDB
      </p>
      <p>
        <img
          alt="postgres icon"
          src="/public/assets/postgres.png"
        />
        <br />
        PostgreSQL
      </p>
      <p>
        <img
          alt="github icon"
          src="/public/assets/github.png"
        />
        <br />
        Github
      </p>
      <p>
        <img
          alt="heroku icon"
          src="/public/assets/heroku.png"
        />
        <br />
        Heroku
      </p>
      <p>
        <img
          alt="jest icon"
          src="/public/assets/jest.png"
        />
        <br />
        Jest
      </p>
      <p>
        <img
          alt="shell icon"
          src="/public/assets/shell.png"
        />
        <br />
        Shell
      </p>
    </div>
    <br />
    <p>
      Technologies I am currently learning:
    </p>
    <div
      className="Icons"
    >
      <p>
        <img
          alt="graphql icon"
          src="/public/assets/graphql.png"
        />
        <br />
        GraphQL
      </p>
      <p>
        <img
          alt="typescript icon"
          src="/public/assets/typescript.png"
        />
        <br />
        Typescript
      </p>
    </div>
  </section>
</Fragment>
`;
